0 verbose cli C:\Program Files\nodejs\node.exe C:\Program Files\nodejs\node_modules\npm\bin\npm-cli.js
1 info using npm@11.6.1
2 info using node@v24.11.0
3 silly config load:file:C:\Program Files\nodejs\node_modules\npm\npmrc
4 silly config load:file:E:\Sakshi\Intern\ngo_module\frontend\.npmrc
5 silly config load:file:C:\Users\lenovo\.npmrc
6 silly config load:file:C:\Users\lenovo\AppData\Roaming\npm\etc\npmrc
7 verbose title npm install framer-motion@12.0.0
8 verbose argv "install" "framer-motion@12.0.0" "--cache" ".npm-cache"
9 verbose logfile logs-max:10 dir:E:\Sakshi\Intern\ngo_module\frontend\.npm-cache\_logs\2026-04-22T16_49_44_550Z-
10 verbose logfile E:\Sakshi\Intern\ngo_module\frontend\.npm-cache\_logs\2026-04-22T16_49_44_550Z-debug-0.log
11 silly logfile done cleaning log files
12 silly packumentCache heap:2348810240 maxSize:587202560 maxEntrySize:293601280
13 silly idealTree buildDeps
14 silly fetch manifest framer-motion@12.0.0
15 silly packumentCache full:https://registry.npmjs.org/framer-motion cache-miss
16 http fetch GET 200 https://registry.npmjs.org/framer-motion 759ms (cache miss)
17 silly packumentCache full:https://registry.npmjs.org/framer-motion set size:undefined disposed:false
18 silly fetch manifest @emotion/is-prop-valid@*
19 silly packumentCache full:https://registry.npmjs.org/@emotion%2fis-prop-valid cache-miss
20 http fetch GET 200 https://registry.npmjs.org/@emotion%2fis-prop-valid 108ms (cache miss)
21 silly packumentCache full:https://registry.npmjs.org/@emotion%2fis-prop-valid set size:undefined disposed:false
22 silly fetch manifest react@19.0.0
23 silly packumentCache full:https://registry.npmjs.org/react cache-miss
24 http fetch GET 200 https://registry.npmjs.org/react 281ms (cache miss)
25 silly packumentCache full:https://registry.npmjs.org/react set size:undefined disposed:false
26 silly fetch manifest react-dom@19.0.0
27 silly packumentCache full:https://registry.npmjs.org/react-dom cache-miss
28 http fetch GET 200 https://registry.npmjs.org/react-dom 277ms (cache miss)
29 silly packumentCache full:https://registry.npmjs.org/react-dom set size:undefined disposed:false
30 silly placeDep ROOT framer-motion@12.0.0 OK for: ngo-frontend@0.1.0 want: 12.0.0
31 silly fetch manifest motion-dom@^12.0.0
32 silly packumentCache full:https://registry.npmjs.org/motion-dom cache-miss
33 silly fetch manifest motion-utils@^12.0.0
34 silly packumentCache full:https://registry.npmjs.org/motion-utils cache-miss
35 http fetch GET 200 https://registry.npmjs.org/motion-dom 74ms (cache miss)
36 silly packumentCache full:https://registry.npmjs.org/motion-dom set size:undefined disposed:false
37 http fetch GET 200 https://registry.npmjs.org/motion-utils 127ms (cache miss)
38 silly packumentCache full:https://registry.npmjs.org/motion-utils set size:undefined disposed:false
39 silly placeDep ROOT motion-dom@12.38.0 OK for: framer-motion@12.0.0 want: ^12.0.0
40 silly placeDep ROOT motion-utils@12.36.0 OK for: framer-motion@12.0.0 want: ^12.0.0
41 silly fetch manifest motion-utils@^12.36.0
42 silly packumentCache full:https://registry.npmjs.org/motion-utils cache-miss
43 http cache https://registry.npmjs.org/motion-utils 17ms (cache hit)
44 silly packumentCache full:https://registry.npmjs.org/motion-utils set size:64595 disposed:false
45 silly reify moves {}
46 silly audit bulk request {
46 silly audit   '@alloc/quick-lru': [ '5.2.0' ],
46 silly audit   '@emnapi/runtime': [ '1.8.1' ],
46 silly audit   '@img/colour': [ '1.1.0' ],
46 silly audit   '@img/sharp-darwin-arm64': [ '0.34.5' ],
46 silly audit   '@img/sharp-darwin-x64': [ '0.34.5' ],
46 silly audit   '@img/sharp-libvips-darwin-arm64': [ '1.2.4' ],
46 silly audit   '@img/sharp-libvips-darwin-x64': [ '1.2.4' ],
46 silly audit   '@img/sharp-libvips-linux-arm': [ '1.2.4' ],
46 silly audit   '@img/sharp-libvips-linux-arm64': [ '1.2.4' ],
46 silly audit   '@img/sharp-libvips-linux-ppc64': [ '1.2.4' ],
46 silly audit   '@img/sharp-libvips-linux-riscv64': [ '1.2.4' ],
46 silly audit   '@img/sharp-libvips-linux-s390x': [ '1.2.4' ],
46 silly audit   '@img/sharp-libvips-linux-x64': [ '1.2.4' ],
46 silly audit   '@img/sharp-libvips-linuxmusl-arm64': [ '1.2.4' ],
46 silly audit   '@img/sharp-libvips-linuxmusl-x64': [ '1.2.4' ],
46 silly audit   '@img/sharp-linux-arm': [ '0.34.5' ],
46 silly audit   '@img/sharp-linux-arm64': [ '0.34.5' ],
46 silly audit   '@img/sharp-linux-ppc64': [ '0.34.5' ],
46 silly audit   '@img/sharp-linux-riscv64': [ '0.34.5' ],
46 silly audit   '@img/sharp-linux-s390x': [ '0.34.5' ],
46 silly audit   '@img/sharp-linux-x64': [ '0.34.5' ],
46 silly audit   '@img/sharp-linuxmusl-arm64': [ '0.34.5' ],
46 silly audit   '@img/sharp-linuxmusl-x64': [ '0.34.5' ],
46 silly audit   '@img/sharp-wasm32': [ '0.34.5' ],
46 silly audit   '@img/sharp-win32-arm64': [ '0.34.5' ],
46 silly audit   '@img/sharp-win32-ia32': [ '0.34.5' ],
46 silly audit   '@img/sharp-win32-x64': [ '0.34.5' ],
46 silly audit   '@jridgewell/gen-mapping': [ '0.3.13' ],
46 silly audit   '@jridgewell/resolve-uri': [ '3.1.2' ],
46 silly audit   '@jridgewell/sourcemap-codec': [ '1.5.5' ],
46 silly audit   '@jridgewell/trace-mapping': [ '0.3.31' ],
46 silly audit   '@next/env': [ '16.1.6' ],
46 silly audit   '@next/swc-darwin-arm64': [ '16.1.6' ],
46 silly audit   '@next/swc-darwin-x64': [ '16.1.6' ],
46 silly audit   '@next/swc-linux-arm64-gnu': [ '16.1.6' ],
46 silly audit   '@next/swc-linux-arm64-musl': [ '16.1.6' ],
46 silly audit   '@next/swc-linux-x64-gnu': [ '16.1.6' ],
46 silly audit   '@next/swc-linux-x64-musl': [ '16.1.6' ],
46 silly audit   '@next/swc-win32-arm64-msvc': [ '16.1.6' ],
46 silly audit   '@next/swc-win32-x64-msvc': [ '16.1.6' ],
46 silly audit   '@nodelib/fs.scandir': [ '2.1.5' ],
46 silly audit   '@nodelib/fs.stat': [ '2.0.5' ],
46 silly audit   '@nodelib/fs.walk': [ '1.2.8' ],
46 silly audit   '@react-leaflet/core': [ '3.0.0' ],
46 silly audit   '@swc/helpers': [ '0.5.15' ],
46 silly audit   '@types/geojson': [ '7946.0.16' ],
46 silly audit   '@types/leaflet': [ '1.9.21' ],
46 silly audit   '@types/node': [ '20.19.37' ],
46 silly audit   '@types/react': [ '19.2.14' ],
46 silly audit   '@types/react-dom': [ '19.2.3' ],
46 silly audit   'any-promise': [ '1.3.0' ],
46 silly audit   anymatch: [ '3.1.3' ],
46 silly audit   arg: [ '5.0.2' ],
46 silly audit   autoprefixer: [ '10.4.27' ],
46 silly audit   'baseline-browser-mapping': [ '2.10.0' ],
46 silly audit   'binary-extensions': [ '2.3.0' ],
46 silly audit   braces: [ '3.0.3' ],
46 silly audit   browserslist: [ '4.28.1' ],
46 silly audit   'camelcase-css': [ '2.0.1' ],
46 silly audit   'caniuse-lite': [ '1.0.30001777' ],
46 silly audit   chokidar: [ '3.6.0' ],
46 silly audit   'glob-parent': [ '5.1.2', '6.0.2' ],
46 silly audit   'client-only': [ '0.0.1' ],
46 silly audit   commander: [ '4.1.1' ],
46 silly audit   cssesc: [ '3.0.0' ],
46 silly audit   csstype: [ '3.2.3' ],
46 silly audit   'detect-libc': [ '2.1.2' ],
46 silly audit   didyoumean: [ '1.2.2' ],
46 silly audit   dlv: [ '1.1.3' ],
46 silly audit   'electron-to-chromium': [ '1.5.307' ],
46 silly audit   escalade: [ '3.2.0' ],
46 silly audit   'fast-glob': [ '3.3.3' ],
46 silly audit   fastq: [ '1.20.1' ],
46 silly audit   'fill-range': [ '7.1.1' ],
46 silly audit   'fraction.js': [ '5.3.4' ],
46 silly audit   fsevents: [ '2.3.3' ],
46 silly audit   'function-bind': [ '1.1.2' ],
46 silly audit   hasown: [ '2.0.2' ],
46 silly audit   'is-binary-path': [ '2.1.0' ],
46 silly audit   'is-core-module': [ '2.16.1' ],
46 silly audit   'is-extglob': [ '2.1.1' ],
46 silly audit   'is-glob': [ '4.0.3' ],
46 silly audit   'is-number': [ '7.0.0' ],
46 silly audit   jiti: [ '1.21.7' ],
46 silly audit   leaflet: [ '1.9.4' ],
46 silly audit   lilconfig: [ '3.1.3' ],
46 silly audit   'lines-and-columns': [ '1.2.4' ],
46 silly audit   'lucide-react': [ '1.6.0' ],
46 silly audit   merge2: [ '1.4.1' ],
46 silly audit   micromatch: [ '4.0.8' ],
46 silly audit   mz: [ '2.7.0' ],
46 silly audit   nanoid: [ '3.3.11' ],
46 silly audit   next: [ '16.1.6' ],
46 silly audit   postcss: [ '8.4.31', '8.5.8' ],
46 silly audit   'node-releases': [ '2.0.36' ],
46 silly audit   'normalize-path': [ '3.0.0' ],
46 silly audit   'object-assign': [ '4.1.1' ],
46 silly audit   'object-hash': [ '3.0.0' ],
46 silly audit   'path-parse': [ '1.0.7' ],
46 silly audit   picocolors: [ '1.1.1' ],
46 silly audit   picomatch: [ '2.3.1', '4.0.3' ],
46 silly audit   pify: [ '2.3.0' ],
46 silly audit   pirates: [ '4.0.7' ],
46 silly audit   'postcss-import': [ '15.1.0' ],
46 silly audit   'postcss-js': [ '4.1.0' ],
46 silly audit   'postcss-load-config': [ '6.0.1' ],
46 silly audit   'postcss-nested': [ '6.2.0' ],
46 silly audit   'postcss-selector-parser': [ '6.1.2' ],
46 silly audit   'postcss-value-parser': [ '4.2.0' ],
46 silly audit   'queue-microtask': [ '1.2.3' ],
46 silly audit   react: [ '19.0.0' ],
46 silly audit   'react-dom': [ '19.0.0' ],
46 silly audit   'react-leaflet': [ '5.0.0' ],
46 silly audit   'read-cache': [ '1.0.0' ],
46 silly audit   readdirp: [ '3.6.0' ],
46 silly audit   resolve: [ '1.22.11' ],
46 silly audit   reusify: [ '1.1.0' ],
46 silly audit   'run-parallel': [ '1.2.0' ],
46 silly audit   scheduler: [ '0.25.0' ],
46 silly audit   semver: [ '7.7.4' ],
46 silly audit   sharp: [ '0.34.5' ],
46 silly audit   'source-map-js': [ '1.2.1' ],
46 silly audit   'styled-jsx': [ '5.1.6' ],
46 silly audit   sucrase: [ '3.35.1' ],
46 silly audit   'supports-preserve-symlinks-flag': [ '1.0.0' ],
46 silly audit   tailwindcss: [ '3.4.19' ],
46 silly audit   thenify: [ '3.3.1' ],
46 silly audit   'thenify-all': [ '1.6.0' ],
46 silly audit   tinyglobby: [ '0.2.15' ],
46 silly audit   fdir: [ '6.5.0' ],
46 silly audit   'to-regex-range': [ '5.0.1' ],
46 silly audit   'ts-interface-checker': [ '0.1.13' ],
46 silly audit   tslib: [ '2.8.1' ],
46 silly audit   typescript: [ '5.9.3' ],
46 silly audit   'undici-types': [ '6.21.0' ],
46 silly audit   'update-browserslist-db': [ '1.2.3' ],
46 silly audit   'util-deprecate': [ '1.0.2' ],
46 silly audit   'framer-motion': [ '12.0.0' ],
46 silly audit   'motion-dom': [ '12.38.0' ],
46 silly audit   'motion-utils': [ '12.36.0' ]
46 silly audit }
47 http cache motion-utils@https://registry.npmjs.org/motion-utils/-/motion-utils-12.36.0.tgz 0ms (cache hit)
48 http cache motion-dom@https://registry.npmjs.org/motion-dom/-/motion-dom-12.38.0.tgz 0ms (cache hit)
49 http cache framer-motion@https://registry.npmjs.org/framer-motion/-/framer-motion-12.0.0.tgz 0ms (cache hit)
50 silly tarball no local data for motion-utils@https://registry.npmjs.org/motion-utils/-/motion-utils-12.36.0.tgz. Extracting by manifest.
51 silly tarball no local data for motion-dom@https://registry.npmjs.org/motion-dom/-/motion-dom-12.38.0.tgz. Extracting by manifest.
52 silly tarball no local data for framer-motion@https://registry.npmjs.org/framer-motion/-/framer-motion-12.0.0.tgz. Extracting by manifest.
53 http fetch POST 200 https://registry.npmjs.org/-/npm/v1/security/advisories/bulk 331ms
54 silly audit report {
54 silly audit report   next: [
54 silly audit report     {
54 silly audit report       id: 1114898,
54 silly audit report       url: 'https://github.com/advisories/GHSA-ggv3-7p47-pfv8',
54 silly audit report       title: 'Next.js: HTTP request smuggling in rewrites',
54 silly audit report       severity: 'moderate',
54 silly audit report       vulnerable_versions: '>=16.0.0-beta.0 <16.1.7',
54 silly audit report       cwe: [Array],
54 silly audit report       cvss: [Object]
54 silly audit report     },
54 silly audit report     {
54 silly audit report       id: 1114941,
54 silly audit report       url: 'https://github.com/advisories/GHSA-3x4c-7xq6-9pq8',
54 silly audit report       title: 'Next.js: Unbounded next/image disk cache growth can exhaust storage',
54 silly audit report       severity: 'moderate',
54 silly audit report       vulnerable_versions: '>=16.0.0-beta.0 <16.1.7',
54 silly audit report       cwe: [Array],
54 silly audit report       cvss: [Object]
54 silly audit report     },
54 silly audit report     {
54 silly audit report       id: 1114942,
54 silly audit report       url: 'https://github.com/advisories/GHSA-h27x-g6w4-24gq',
54 silly audit report       title: 'Next.js: Unbounded postponed resume buffering can lead to DoS',
54 silly audit report       severity: 'moderate',
54 silly audit report       vulnerable_versions: '>=16.0.1 <16.1.7',
54 silly audit report       cwe: [Array],
54 silly audit report       cvss: [Object]
54 silly audit report     },
54 silly audit report     {
54 silly audit report       id: 1114943,
54 silly audit report       url: 'https://github.com/advisories/GHSA-mq59-m269-xvcx',
54 silly audit report       title: 'Next.js: null origin can bypass Server Actions CSRF checks',
54 silly audit report       severity: 'moderate',
54 silly audit report       vulnerable_versions: '>=16.0.1 <16.1.7',
54 silly audit report       cwe: [Array],
54 silly audit report       cvss: [Object]
54 silly audit report     },
54 silly audit report     {
54 silly audit report       id: 1115360,
54 silly audit report       url: 'https://github.com/advisories/GHSA-jcc7-9wpm-mj36',
54 silly audit report       title: 'Next.js: null origin can bypass dev HMR websocket CSRF checks',
54 silly audit report       severity: 'low',
54 silly audit report       vulnerable_versions: '>=16.0.1 <16.1.7',
54 silly audit report       cwe: [Array],
54 silly audit report       cvss: [Object]
54 silly audit report     },
54 silly audit report     {
54 silly audit report       id: 1116375,
54 silly audit report       url: 'https://github.com/advisories/GHSA-q4gf-8mx6-v5v3',
54 silly audit report       title: 'Next.js has a Denial of Service with Server Components',
54 silly audit report       severity: 'high',
54 silly audit report       vulnerable_versions: '>=16.0.0-beta.0 <16.2.3',
54 silly audit report       cwe: [Array],
54 silly audit report       cvss: [Object]
54 silly audit report     }
54 silly audit report   ],
54 silly audit report   picomatch: [
54 silly audit report     {
54 silly audit report       id: 1115549,
54 silly audit report       url: 'https://github.com/advisories/GHSA-3v7f-55p6-f55p',
54 silly audit report       title: 'Picomatch: Method Injection in POSIX Character Classes causes incorrect Glob Matching',
54 silly audit report       severity: 'moderate',
54 silly audit report       vulnerable_versions: '<2.3.2',
54 silly audit report       cwe: [Array],
54 silly audit report       cvss: [Object]
54 silly audit report     },
54 silly audit report     {
54 silly audit report       id: 1115551,
54 silly audit report       url: 'https://github.com/advisories/GHSA-3v7f-55p6-f55p',
54 silly audit report       title: 'Picomatch: Method Injection in POSIX Character Classes causes incorrect Glob Matching',
54 silly audit report       severity: 'moderate',
54 silly audit report       vulnerable_versions: '>=4.0.0 <4.0.4',
54 silly audit report       cwe: [Array],
54 silly audit report       cvss: [Object]
54 silly audit report     },
54 silly audit report     {
54 silly audit report       id: 1115552,
54 silly audit report       url: 'https://github.com/advisories/GHSA-c2c7-rcm5-vvqj',
54 silly audit report       title: 'Picomatch has a ReDoS vulnerability via extglob quantifiers',
54 silly audit report       severity: 'high',
54 silly audit report       vulnerable_versions: '<2.3.2',
54 silly audit report       cwe: [Array],
54 silly audit report       cvss: [Object]
54 silly audit report     },
54 silly audit report     {
54 silly audit report       id: 1115554,
54 silly audit report       url: 'https://github.com/advisories/GHSA-c2c7-rcm5-vvqj',
54 silly audit report       title: 'Picomatch has a ReDoS vulnerability via extglob quantifiers',
54 silly audit report       severity: 'high',
54 silly audit report       vulnerable_versions: '>=4.0.0 <4.0.4',
54 silly audit report       cwe: [Array],
54 silly audit report       cvss: [Object]
54 silly audit report     }
54 silly audit report   ]
54 silly audit report }
55 silly packumentCache corgi:https://registry.npmjs.org/next cache-miss
56 silly packumentCache corgi:https://registry.npmjs.org/picomatch cache-miss
57 http fetch GET 200 https://registry.npmjs.org/picomatch 422ms (cache miss)
58 silly packumentCache corgi:https://registry.npmjs.org/picomatch set size:undefined disposed:false
59 http fetch GET 200 https://registry.npmjs.org/motion-utils/-/motion-utils-12.36.0.tgz 1784ms (cache miss)
60 http fetch GET 200 https://registry.npmjs.org/next 2599ms (cache miss)
61 silly packumentCache corgi:https://registry.npmjs.org/next set size:undefined disposed:false
62 silly packumentCache corgi:https://registry.npmjs.org/anymatch cache-miss
63 silly packumentCache corgi:https://registry.npmjs.org/micromatch cache-miss
64 silly packumentCache corgi:https://registry.npmjs.org/readdirp cache-miss
65 http fetch GET 200 https://registry.npmjs.org/anymatch 88ms (cache miss)
66 silly packumentCache corgi:https://registry.npmjs.org/anymatch set size:undefined disposed:false
67 http fetch GET 200 https://registry.npmjs.org/readdirp 105ms (cache miss)
68 silly packumentCache corgi:https://registry.npmjs.org/readdirp set size:undefined disposed:false
69 http fetch GET 200 https://registry.npmjs.org/micromatch 119ms (cache miss)
70 silly packumentCache corgi:https://registry.npmjs.org/micromatch set size:undefined disposed:false
71 silly packumentCache corgi:https://registry.npmjs.org/tinyglobby cache-miss
72 silly packumentCache corgi:https://registry.npmjs.org/fdir cache-miss
73 http fetch GET 200 https://registry.npmjs.org/tinyglobby 85ms (cache miss)
74 silly packumentCache corgi:https://registry.npmjs.org/tinyglobby set size:undefined disposed:false
75 http fetch GET 200 https://registry.npmjs.org/fdir 88ms (cache miss)
76 silly packumentCache corgi:https://registry.npmjs.org/fdir set size:undefined disposed:false
77 http fetch GET 200 https://registry.npmjs.org/framer-motion/-/framer-motion-12.0.0.tgz 9898ms (cache miss)
78 http fetch GET 200 https://registry.npmjs.org/motion-dom/-/motion-dom-12.38.0.tgz 10603ms (cache miss)
79 silly ADD node_modules/motion-utils
80 silly ADD node_modules/motion-dom
81 silly ADD node_modules/framer-motion
82 verbose cwd E:\Sakshi\Intern\ngo_module\frontend
83 verbose os Windows_NT 10.0.19045
84 verbose node v24.11.0
85 verbose npm  v11.6.1
86 verbose exit 0
87 info ok
